// Jest Snapshot v1, https://goo.gl/fbAQLP

exports[`CardList tests should match the snapshot 1`] = `
ShallowWrapper {
  "length": 1,
  Symbol(enzyme.__root__): [Circular],
  Symbol(enzyme.__unrendered__): <CardList
    favorites={
      Array [
        "array",
      ]
    }
    history={
      Object {
        "hola": "blah",
      }
    }
    location={
      Object {
        "pathname": "current-path",
      }
    }
    match={
      Object {
        "hola": "blah",
      }
    }
    movies={
      Array [
        "coco",
      ]
    }
    setFavorites={[Function]}
    user={
      Array [
        "blah",
      ]
    }
  />,
  Symbol(enzyme.__renderer__): Object {
    "batchedUpdates": [Function],
    "getNode": [Function],
    "render": [Function],
    "simulateEvent": [Function],
    "unmount": [Function],
  },
  Symbol(enzyme.__node__): Object {
    "instance": null,
    "key": undefined,
    "nodeType": "host",
    "props": Object {
      "children": Array [
        <Backdrop
          backdrop={undefined}
        />,
        <div
          className="card-container"
        >
          <Card
            addToFavorites={[Function]}
            backdrop={undefined}
            isFavorite={undefined}
            movie="coco"
            overview={undefined}
            poster={undefined}
            title={undefined}
            user={
              Array [
                "blah",
              ]
            }
            vote={undefined}
          />
        </div>,
      ],
    },
    "ref": null,
    "rendered": Array [
      Object {
        "instance": null,
        "key": undefined,
        "nodeType": "function",
        "props": Object {
          "backdrop": undefined,
        },
        "ref": null,
        "rendered": null,
        "type": [Function],
      },
      Object {
        "instance": null,
        "key": undefined,
        "nodeType": "host",
        "props": Object {
          "children": Array [
            <Card
              addToFavorites={[Function]}
              backdrop={undefined}
              isFavorite={undefined}
              movie="coco"
              overview={undefined}
              poster={undefined}
              title={undefined}
              user={
                Array [
                  "blah",
                ]
              }
              vote={undefined}
            />,
          ],
          "className": "card-container",
        },
        "ref": null,
        "rendered": Array [
          Object {
            "instance": null,
            "key": undefined,
            "nodeType": "function",
            "props": Object {
              "addToFavorites": [Function],
              "backdrop": undefined,
              "isFavorite": undefined,
              "movie": "coco",
              "overview": undefined,
              "poster": undefined,
              "title": undefined,
              "user": Array [
                "blah",
              ],
              "vote": undefined,
            },
            "ref": null,
            "rendered": null,
            "type": [Function],
          },
        ],
        "type": "div",
      },
    ],
    "type": "div",
  },
  Symbol(enzyme.__nodes__): Array [
    Object {
      "instance": null,
      "key": undefined,
      "nodeType": "host",
      "props": Object {
        "children": Array [
          <Backdrop
            backdrop={undefined}
          />,
          <div
            className="card-container"
          >
            <Card
              addToFavorites={[Function]}
              backdrop={undefined}
              isFavorite={undefined}
              movie="coco"
              overview={undefined}
              poster={undefined}
              title={undefined}
              user={
                Array [
                  "blah",
                ]
              }
              vote={undefined}
            />
          </div>,
        ],
      },
      "ref": null,
      "rendered": Array [
        Object {
          "instance": null,
          "key": undefined,
          "nodeType": "function",
          "props": Object {
            "backdrop": undefined,
          },
          "ref": null,
          "rendered": null,
          "type": [Function],
        },
        Object {
          "instance": null,
          "key": undefined,
          "nodeType": "host",
          "props": Object {
            "children": Array [
              <Card
                addToFavorites={[Function]}
                backdrop={undefined}
                isFavorite={undefined}
                movie="coco"
                overview={undefined}
                poster={undefined}
                title={undefined}
                user={
                  Array [
                    "blah",
                  ]
                }
                vote={undefined}
              />,
            ],
            "className": "card-container",
          },
          "ref": null,
          "rendered": Array [
            Object {
              "instance": null,
              "key": undefined,
              "nodeType": "function",
              "props": Object {
                "addToFavorites": [Function],
                "backdrop": undefined,
                "isFavorite": undefined,
                "movie": "coco",
                "overview": undefined,
                "poster": undefined,
                "title": undefined,
                "user": Array [
                  "blah",
                ],
                "vote": undefined,
              },
              "ref": null,
              "rendered": null,
              "type": [Function],
            },
          ],
          "type": "div",
        },
      ],
      "type": "div",
    },
  ],
  Symbol(enzyme.__options__): Object {
    "adapter": ReactSixteenAdapter {
      "options": Object {
        "enableComponentDidUpdateOnSetState": true,
      },
    },
  },
}
`;
