// Jest Snapshot v1, https://goo.gl/fbAQLP

exports[`Card Test should match snap shot 1`] = `
ShallowWrapper {
  "length": 1,
  Symbol(enzyme.__root__): [Circular],
  Symbol(enzyme.__unrendered__): <Card />,
  Symbol(enzyme.__renderer__): Object {
    "batchedUpdates": [Function],
    "getNode": [Function],
    "render": [Function],
    "simulateEvent": [Function],
    "unmount": [Function],
  },
  Symbol(enzyme.__node__): Object {
    "instance": null,
    "key": undefined,
    "nodeType": "host",
    "props": Object {
      "children": Array [
        <h1
          className="title"
        />,
        <p
          className="overview"
        />,
        <div
          className="image-container"
        >
          <div
            className="not-favorite"
          >
            <button
              className="favorite-button"
              onClick={[Function]}
            />
          </div>
          <img
            className="poster"
            src="https://image.tmdb.org/t/p/w500undefined"
          />
        </div>,
        <p
          className="vote"
        />,
      ],
      "className": "card",
    },
    "ref": null,
    "rendered": Array [
      Object {
        "instance": null,
        "key": undefined,
        "nodeType": "host",
        "props": Object {
          "children": undefined,
          "className": "title",
        },
        "ref": null,
        "rendered": null,
        "type": "h1",
      },
      Object {
        "instance": null,
        "key": undefined,
        "nodeType": "host",
        "props": Object {
          "children": undefined,
          "className": "overview",
        },
        "ref": null,
        "rendered": null,
        "type": "p",
      },
      Object {
        "instance": null,
        "key": undefined,
        "nodeType": "host",
        "props": Object {
          "children": Array [
            <div
              className="not-favorite"
            >
              <button
                className="favorite-button"
                onClick={[Function]}
              />
            </div>,
            <img
              className="poster"
              src="https://image.tmdb.org/t/p/w500undefined"
            />,
          ],
          "className": "image-container",
        },
        "ref": null,
        "rendered": Array [
          Object {
            "instance": null,
            "key": undefined,
            "nodeType": "host",
            "props": Object {
              "children": <button
                className="favorite-button"
                onClick={[Function]}
              />,
              "className": "not-favorite",
            },
            "ref": null,
            "rendered": Object {
              "instance": null,
              "key": undefined,
              "nodeType": "host",
              "props": Object {
                "className": "favorite-button",
                "onClick": [Function],
              },
              "ref": null,
              "rendered": null,
              "type": "button",
            },
            "type": "div",
          },
          Object {
            "instance": null,
            "key": undefined,
            "nodeType": "host",
            "props": Object {
              "className": "poster",
              "src": "https://image.tmdb.org/t/p/w500undefined",
            },
            "ref": null,
            "rendered": null,
            "type": "img",
          },
        ],
        "type": "div",
      },
      Object {
        "instance": null,
        "key": undefined,
        "nodeType": "host",
        "props": Object {
          "children": undefined,
          "className": "vote",
        },
        "ref": null,
        "rendered": null,
        "type": "p",
      },
    ],
    "type": "div",
  },
  Symbol(enzyme.__nodes__): Array [
    Object {
      "instance": null,
      "key": undefined,
      "nodeType": "host",
      "props": Object {
        "children": Array [
          <h1
            className="title"
          />,
          <p
            className="overview"
          />,
          <div
            className="image-container"
          >
            <div
              className="not-favorite"
            >
              <button
                className="favorite-button"
                onClick={[Function]}
              />
            </div>
            <img
              className="poster"
              src="https://image.tmdb.org/t/p/w500undefined"
            />
          </div>,
          <p
            className="vote"
          />,
        ],
        "className": "card",
      },
      "ref": null,
      "rendered": Array [
        Object {
          "instance": null,
          "key": undefined,
          "nodeType": "host",
          "props": Object {
            "children": undefined,
            "className": "title",
          },
          "ref": null,
          "rendered": null,
          "type": "h1",
        },
        Object {
          "instance": null,
          "key": undefined,
          "nodeType": "host",
          "props": Object {
            "children": undefined,
            "className": "overview",
          },
          "ref": null,
          "rendered": null,
          "type": "p",
        },
        Object {
          "instance": null,
          "key": undefined,
          "nodeType": "host",
          "props": Object {
            "children": Array [
              <div
                className="not-favorite"
              >
                <button
                  className="favorite-button"
                  onClick={[Function]}
                />
              </div>,
              <img
                className="poster"
                src="https://image.tmdb.org/t/p/w500undefined"
              />,
            ],
            "className": "image-container",
          },
          "ref": null,
          "rendered": Array [
            Object {
              "instance": null,
              "key": undefined,
              "nodeType": "host",
              "props": Object {
                "children": <button
                  className="favorite-button"
                  onClick={[Function]}
                />,
                "className": "not-favorite",
              },
              "ref": null,
              "rendered": Object {
                "instance": null,
                "key": undefined,
                "nodeType": "host",
                "props": Object {
                  "className": "favorite-button",
                  "onClick": [Function],
                },
                "ref": null,
                "rendered": null,
                "type": "button",
              },
              "type": "div",
            },
            Object {
              "instance": null,
              "key": undefined,
              "nodeType": "host",
              "props": Object {
                "className": "poster",
                "src": "https://image.tmdb.org/t/p/w500undefined",
              },
              "ref": null,
              "rendered": null,
              "type": "img",
            },
          ],
          "type": "div",
        },
        Object {
          "instance": null,
          "key": undefined,
          "nodeType": "host",
          "props": Object {
            "children": undefined,
            "className": "vote",
          },
          "ref": null,
          "rendered": null,
          "type": "p",
        },
      ],
      "type": "div",
    },
  ],
  Symbol(enzyme.__options__): Object {
    "adapter": ReactSixteenAdapter {
      "options": Object {
        "enableComponentDidUpdateOnSetState": true,
      },
    },
  },
}
`;
