// Jest Snapshot v1, https://goo.gl/fbAQLP

exports[`Favorites Tests should match snap shot 1`] = `undefined`;
