// Jest Snapshot v1, https://goo.gl/fbAQLP

exports[`NavBar Test should match snapshot 1`] = `undefined`;
